[0.008s][warning][gc] -XX:+PrintGCDetails is deprecated. Will use -Xlog:gc* instead.
[0.021s][info   ][gc,heap] Heap region size: 1M
[0.034s][info   ][gc     ] Using G1
[0.034s][info   ][gc,heap,coops] Heap address: 0x00000000e0000000, size: 512 MB, Compressed Oops mode: 32-bit
[0.069s][info   ][gc           ] Periodic GC disabled
[20.717s][info   ][gc,heap,exit ] Heap
[20.717s][info   ][gc,heap,exit ]  garbage-first heap   total 524288K, used 6144K [0x00000000e0000000, 0x0000000100000000)
[20.718s][info   ][gc,heap,exit ]   region size 1024K, 7 young (7168K), 0 survivors (0K)
[20.718s][info   ][gc,heap,exit ]  Metaspace       used 1303K, capacity 4590K, committed 4864K, reserved 1056768K
[20.718s][info   ][gc,heap,exit ]   class space    used 113K, capacity 420K, committed 512K, reserved 1048576K
