[0.039s][info][gc] Using Serial
[4.338s][info][gc] GC(0) Pause Young (Allocation Failure) 68M->58M(247M) 227.418ms
[4.744s][info][gc] GC(1) Pause Young (Allocation Failure) 126M->121M(247M) 311.162ms
[5.697s][info][gc] GC(3) Pause Full (Allocation Failure) 189M->185M(247M) 759.277ms
[5.697s][info][gc] GC(2) Pause Young (Allocation Failure) 189M->185M(247M) 759.525ms
[9.619s][info][gc] GC(4) Pause Full (Allocation Failure) 242M->235M(247M) 836.184ms
[10.417s][info][gc] GC(5) Pause Full (System.gc()) 243M->242M(247M) 783.359ms
[244.372s][info][gc] GC(6) Pause Full (Allocation Failure) 247M->243M(247M) 879.326ms
[248.085s][info][gc] GC(7) Pause Full (Allocation Failure) 247M->243M(247M) 1110.792ms
[261.567s][info][gc] GC(8) Pause Full (Allocation Failure) 247M->243M(247M) 617.343ms
[286.600s][info][gc] GC(9) Pause Full (Allocation Failure) 247M->243M(247M) 616.188ms
[317.866s][info][gc] GC(10) Pause Full (Allocation Failure) 247M->243M(247M) 873.156ms
