[0.061s][info][gc] Using Serial
[32.605s][info][gc] GC(0) Pause Young (Allocation Failure) 68M->61M(247M) 68.059ms
[68.156s][info][gc] GC(1) Pause Young (Allocation Failure) 129M->129M(247M) 74.365ms
[104.156s][info][gc] GC(3) Pause Full (Allocation Failure) 197M->197M(247M) 75.350ms
[104.156s][info][gc] GC(2) Pause Young (Allocation Failure) 197M->197M(247M) 75.720ms
[130.289s][info][gc] GC(4) Pause Full (Allocation Failure) 247M->247M(247M) 34.352ms
[130.301s][info][gc] GC(5) Pause Full (Allocation Failure) 247M->247M(247M) 11.784ms
[130.367s][info][gc] GC(6) Pause Full (Allocation Failure) 247M->247M(247M) 64.905ms
[130.377s][info][gc] GC(7) Pause Full (Allocation Failure) 247M->247M(247M) 9.625ms
[130.387s][info][gc] GC(8) Pause Full (Allocation Failure) 247M->247M(247M) 9.923ms
[130.616s][info][gc] GC(9) Pause Full (Allocation Failure) 247M->247M(247M) 10.092ms
[130.661s][info][gc] GC(10) Pause Full (Allocation Failure) 247M->247M(247M) 44.593ms
[130.765s][info][gc] GC(11) Pause Full (Allocation Failure) 247M->247M(247M) 10.936ms
[130.806s][info][gc] GC(12) Pause Full (Allocation Failure) 247M->247M(247M) 41.015ms
[130.822s][info][gc] GC(13) Pause Full (Allocation Failure) 247M->247M(247M) 9.690ms
[130.865s][info][gc] GC(14) Pause Full (Allocation Failure) 247M->247M(247M) 43.305ms
[130.890s][info][gc] GC(15) Pause Full (Allocation Failure) 247M->247M(247M) 10.302ms
[130.939s][info][gc] GC(16) Pause Full (Allocation Failure) 247M->247M(247M) 49.167ms
[130.961s][info][gc] GC(17) Pause Full (Allocation Failure) 247M->247M(247M) 12.514ms
[131.005s][info][gc] GC(18) Pause Full (Allocation Failure) 247M->247M(247M) 44.323ms
[131.027s][info][gc] GC(19) Pause Full (Allocation Failure) 247M->247M(247M) 9.761ms
[131.074s][info][gc] GC(20) Pause Full (Allocation Failure) 247M->247M(247M) 47.326ms
[131.112s][info][gc] GC(21) Pause Full (Allocation Failure) 247M->247M(247M) 10.957ms
[131.157s][info][gc] GC(22) Pause Full (Allocation Failure) 247M->247M(247M) 44.262ms
[131.180s][info][gc] GC(23) Pause Full (Allocation Failure) 247M->247M(247M) 11.139ms
[131.232s][info][gc] GC(24) Pause Full (Allocation Failure) 247M->247M(247M) 51.821ms
[131.273s][info][gc] GC(25) Pause Full (Allocation Failure) 247M->247M(247M) 12.666ms
[131.322s][info][gc] GC(26) Pause Full (Allocation Failure) 247M->247M(247M) 48.084ms
[778.009s][info][gc] GC(27) Pause Full (Allocation Failure) 247M->247M(247M) 9.333ms
[778.019s][info][gc] GC(28) Pause Full (Allocation Failure) 247M->247M(247M) 9.497ms
[778.060s][info][gc] GC(29) Pause Full (Allocation Failure) 247M->247M(247M) 40.857ms
[778.080s][info][gc] GC(30) Pause Full (Allocation Failure) 247M->247M(247M) 8.783ms
[778.098s][info][gc] GC(31) Pause Full (Allocation Failure) 247M->247M(247M) 9.239ms
[778.114s][info][gc] GC(32) Pause Full (Allocation Failure) 247M->247M(247M) 10.850ms
[778.126s][info][gc] GC(33) Pause Full (Allocation Failure) 247M->247M(247M) 9.189ms
[778.165s][info][gc] GC(34) Pause Full (Allocation Failure) 247M->247M(247M) 37.872ms
[778.177s][info][gc] GC(35) Pause Full (Allocation Failure) 247M->247M(247M) 10.480ms
[778.188s][info][gc] GC(36) Pause Full (Allocation Failure) 247M->247M(247M) 9.063ms
[778.199s][info][gc] GC(37) Pause Full (Allocation Failure) 247M->247M(247M) 9.637ms
[778.210s][info][gc] GC(38) Pause Full (Allocation Failure) 247M->247M(247M) 10.231ms
[778.222s][info][gc] GC(39) Pause Full (Allocation Failure) 247M->247M(247M) 10.352ms
[778.234s][info][gc] GC(40) Pause Full (Allocation Failure) 247M->247M(247M) 11.183ms
[778.247s][info][gc] GC(41) Pause Full (Allocation Failure) 247M->247M(247M) 10.745ms
[778.257s][info][gc] GC(42) Pause Full (Allocation Failure) 247M->247M(247M) 9.412ms
[778.269s][info][gc] GC(43) Pause Full (Allocation Failure) 247M->247M(247M) 11.153ms
[778.281s][info][gc] GC(44) Pause Full (Allocation Failure) 247M->247M(247M) 11.801ms
[778.293s][info][gc] GC(45) Pause Full (Allocation Failure) 247M->247M(247M) 10.990ms
[778.303s][info][gc] GC(46) Pause Full (Allocation Failure) 247M->247M(247M) 9.023ms
[778.315s][info][gc] GC(47) Pause Full (Allocation Failure) 247M->247M(247M) 10.771ms
[778.326s][info][gc] GC(48) Pause Full (Allocation Failure) 247M->247M(247M) 10.517ms
[778.335s][info][gc] GC(49) Pause Full (Allocation Failure) 247M->247M(247M) 9.063ms
[778.345s][info][gc] GC(50) Pause Full (Allocation Failure) 247M->247M(247M) 9.335ms
[778.354s][info][gc] GC(51) Pause Full (Allocation Failure) 247M->247M(247M) 8.942ms
[778.364s][info][gc] GC(52) Pause Full (Allocation Failure) 247M->247M(247M) 9.428ms
[778.373s][info][gc] GC(53) Pause Full (Allocation Failure) 247M->247M(247M) 8.877ms
[778.383s][info][gc] GC(54) Pause Full (Allocation Failure) 247M->247M(247M) 9.492ms
[778.392s][info][gc] GC(55) Pause Full (Allocation Failure) 247M->247M(247M) 9.043ms
[778.402s][info][gc] GC(56) Pause Full (Allocation Failure) 247M->247M(247M) 9.137ms
[778.411s][info][gc] GC(57) Pause Full (Allocation Failure) 247M->247M(247M) 9.216ms
[778.422s][info][gc] GC(58) Pause Full (Allocation Failure) 247M->247M(247M) 10.230ms
[778.434s][info][gc] GC(59) Pause Full (Allocation Failure) 247M->247M(247M) 11.580ms
[778.445s][info][gc] GC(60) Pause Full (Allocation Failure) 247M->247M(247M) 11.255ms
[778.456s][info][gc] GC(61) Pause Full (Allocation Failure) 247M->247M(247M) 10.597ms
[778.470s][info][gc] GC(62) Pause Full (Allocation Failure) 247M->247M(247M) 13.686ms
[778.623s][info][gc] GC(63) Pause Full (Allocation Failure) 247M->247M(247M) 11.986ms
[778.634s][info][gc] GC(64) Pause Full (Allocation Failure) 247M->247M(247M) 10.467ms
[778.647s][info][gc] GC(65) Pause Full (Allocation Failure) 247M->247M(247M) 12.167ms
[778.661s][info][gc] GC(66) Pause Full (Allocation Failure) 247M->247M(247M) 13.318ms
[778.672s][info][gc] GC(67) Pause Full (Allocation Failure) 247M->247M(247M) 10.962ms
[778.684s][info][gc] GC(68) Pause Full (Allocation Failure) 247M->247M(247M) 11.487ms
[778.695s][info][gc] GC(69) Pause Full (Allocation Failure) 247M->247M(247M) 10.507ms
[778.707s][info][gc] GC(70) Pause Full (Allocation Failure) 247M->247M(247M) 11.405ms
[778.717s][info][gc] GC(71) Pause Full (Allocation Failure) 247M->247M(247M) 9.775ms
[778.725s][info][gc] GC(72) Pause Full (Allocation Failure) 247M->247M(247M) 8.689ms
[778.737s][info][gc] GC(73) Pause Full (Allocation Failure) 247M->247M(247M) 8.913ms
[778.746s][info][gc] GC(74) Pause Full (Allocation Failure) 247M->247M(247M) 9.390ms
[778.758s][info][gc] GC(75) Pause Full (Allocation Failure) 247M->247M(247M) 11.109ms
[778.768s][info][gc] GC(76) Pause Full (Allocation Failure) 247M->247M(247M) 9.947ms
[778.777s][info][gc] GC(77) Pause Full (Allocation Failure) 247M->247M(247M) 8.578ms
[778.788s][info][gc] GC(78) Pause Full (Allocation Failure) 247M->247M(247M) 10.658ms
[778.800s][info][gc] GC(79) Pause Full (Allocation Failure) 247M->247M(247M) 11.603ms
[778.812s][info][gc] GC(80) Pause Full (Allocation Failure) 247M->247M(247M) 12.057ms
